time=2026-07-20T00:28:44.385+07:00 level=INFO msg="start listening, forwarding to device" module=go-ios/forward udid=00008027-000404D13439002E hostPort=9200 phonePort=9200
time=2026-07-20T00:29:20.424+07:00 level=INFO msg="new client connected" module=go-ios/forward deviceID=1549 phonePort=9200 conn="&forward.ConnListener{listener:(*net.TCPListener)(0xb8a14577000), quit:(chan interface {})(0xb8a143403f0)}"
time=2026-07-20T00:29:20.426+07:00 level=INFO msg="connected to port" module=go-ios/forward deviceID=1549 conn=&net.TCPConn{conn:net.conn{fd:(*net.netFD)(0xb8a13d98000)}} phonePort=9200
time=2026-07-20T00:29:20.781+07:00 level=ERROR msg="forward: close clientConn --> deviceConn" module=go-ios/forward deviceID=1549 phonePort=9200 error="writeto tcp 127.0.0.1:9200->127.0.0.1:62033: read tcp 127.0.0.1:9200->127.0.0.1:62033: read: connection reset by peer"
time=2026-07-20T00:29:52.330+07:00 level=INFO msg="new client connected" module=go-ios/forward deviceID=1549 phonePort=9200 conn="&forward.ConnListener{listener:(*net.TCPListener)(0xb8a14577000), quit:(chan interface {})(0xb8a143403f0)}"
time=2026-07-20T00:29:52.331+07:00 level=INFO msg="connected to port" module=go-ios/forward deviceID=1549 conn=&net.TCPConn{conn:net.conn{fd:(*net.netFD)(0xb8a1457a100)}} phonePort=9200
time=2026-07-20T00:30:05.276+07:00 level=INFO msg="new client connected" module=go-ios/forward deviceID=1549 phonePort=9200 conn="&forward.ConnListener{listener:(*net.TCPListener)(0xb8a14577000), quit:(chan interface {})(0xb8a143403f0)}"
time=2026-07-20T00:30:05.278+07:00 level=INFO msg="connected to port" module=go-ios/forward deviceID=1549 conn=&net.TCPConn{conn:net.conn{fd:(*net.netFD)(0xb8a13d98300)}} phonePort=9200
time=2026-07-20T00:33:01.056+07:00 level=INFO msg="new client connected" module=go-ios/forward deviceID=1549 phonePort=9200 conn="&forward.ConnListener{listener:(*net.TCPListener)(0xb8a14577000), quit:(chan interface {})(0xb8a143403f0)}"
time=2026-07-20T00:33:01.058+07:00 level=INFO msg="connected to port" module=go-ios/forward deviceID=1549 conn=&net.TCPConn{conn:net.conn{fd:(*net.netFD)(0xb8a13d98000)}} phonePort=9200
time=2026-07-20T00:33:17.729+07:00 level=INFO msg="new client connected" module=go-ios/forward deviceID=1549 phonePort=9200 conn="&forward.ConnListener{listener:(*net.TCPListener)(0xb8a14577000), quit:(chan interface {})(0xb8a143403f0)}"
time=2026-07-20T00:33:17.730+07:00 level=INFO msg="connected to port" module=go-ios/forward deviceID=1549 conn=&net.TCPConn{conn:net.conn{fd:(*net.netFD)(0xb8a1457a100)}} phonePort=9200
time=2026-07-20T09:56:43.711+07:00 level=INFO msg="new client connected" module=go-ios/forward deviceID=1549 phonePort=9200 conn="&forward.ConnListener{listener:(*net.TCPListener)(0xb8a14577000), quit:(chan interface {})(0xb8a143403f0)}"
time=2026-07-20T09:56:43.713+07:00 level=INFO msg="connected to port" module=go-ios/forward deviceID=1549 conn=&net.TCPConn{conn:net.conn{fd:(*net.netFD)(0xb8a1457a000)}} phonePort=9200
time=2026-07-20T10:01:09.819+07:00 level=INFO msg="new client connected" module=go-ios/forward deviceID=1549 phonePort=9200 conn="&forward.ConnListener{listener:(*net.TCPListener)(0xb8a14577000), quit:(chan interface {})(0xb8a143403f0)}"
time=2026-07-20T10:01:09.821+07:00 level=INFO msg="connected to port" module=go-ios/forward deviceID=1549 conn=&net.TCPConn{conn:net.conn{fd:(*net.netFD)(0xb8a1457a000)}} phonePort=9200
time=2026-07-20T10:01:09.914+07:00 level=INFO msg="new client connected" module=go-ios/forward deviceID=1549 phonePort=9200 conn="&forward.ConnListener{listener:(*net.TCPListener)(0xb8a14577000), quit:(chan interface {})(0xb8a143403f0)}"
time=2026-07-20T10:01:09.916+07:00 level=INFO msg="connected to port" module=go-ios/forward deviceID=1549 conn=&net.TCPConn{conn:net.conn{fd:(*net.netFD)(0xb8a1457a400)}} phonePort=9200
time=2026-07-20T10:02:23.460+07:00 level=INFO msg="new client connected" module=go-ios/forward deviceID=1549 phonePort=9200 conn="&forward.ConnListener{listener:(*net.TCPListener)(0xb8a14577000), quit:(chan interface {})(0xb8a143403f0)}"
time=2026-07-20T10:02:23.462+07:00 level=INFO msg="connected to port" module=go-ios/forward deviceID=1549 conn=&net.TCPConn{conn:net.conn{fd:(*net.netFD)(0xb8a1457a000)}} phonePort=9200
time=2026-07-20T10:02:48.495+07:00 level=INFO msg="new client connected" module=go-ios/forward deviceID=1549 phonePort=9200 conn="&forward.ConnListener{listener:(*net.TCPListener)(0xb8a14577000), quit:(chan interface {})(0xb8a143403f0)}"
time=2026-07-20T10:02:48.498+07:00 level=INFO msg="connected to port" module=go-ios/forward deviceID=1549 conn=&net.TCPConn{conn:net.conn{fd:(*net.netFD)(0xb8a13e14000)}} phonePort=9200
time=2026-07-20T10:07:58.657+07:00 level=INFO msg="new client connected" module=go-ios/forward deviceID=1549 phonePort=9200 conn="&forward.ConnListener{listener:(*net.TCPListener)(0xb8a14577000), quit:(chan interface {})(0xb8a143403f0)}"
time=2026-07-20T10:07:58.659+07:00 level=INFO msg="could not connect to phone" module=go-ios/forward deviceID=1549 conn=&net.TCPConn{conn:net.conn{fd:(*net.netFD)(0xb8a1457a000)}} error="Failed connecting to service, error code:3" phonePort=9200
time=2026-07-20T10:08:07.715+07:00 level=INFO msg="new client connected" module=go-ios/forward deviceID=1549 phonePort=9200 conn="&forward.ConnListener{listener:(*net.TCPListener)(0xb8a14577000), quit:(chan interface {})(0xb8a143403f0)}"
time=2026-07-20T10:08:07.718+07:00 level=INFO msg="could not connect to phone" module=go-ios/forward deviceID=1549 conn=&net.TCPConn{conn:net.conn{fd:(*net.netFD)(0xb8a1457a400)}} error="Failed connecting to service, error code:3" phonePort=9200
time=2026-07-20T10:08:09.219+07:00 level=INFO msg="new client connected" module=go-ios/forward deviceID=1549 phonePort=9200 conn="&forward.ConnListener{listener:(*net.TCPListener)(0xb8a14577000), quit:(chan interface {})(0xb8a143403f0)}"
time=2026-07-20T10:08:09.223+07:00 level=INFO msg="could not connect to phone" module=go-ios/forward deviceID=1549 conn=&net.TCPConn{conn:net.conn{fd:(*net.netFD)(0xb8a13e14100)}} error="Failed connecting to service, error code:3" phonePort=9200
time=2026-07-20T10:08:12.077+07:00 level=INFO msg="new client connected" module=go-ios/forward deviceID=1549 phonePort=9200 conn="&forward.ConnListener{listener:(*net.TCPListener)(0xb8a14577000), quit:(chan interface {})(0xb8a143403f0)}"
time=2026-07-20T10:08:12.079+07:00 level=INFO msg="could not connect to phone" module=go-ios/forward deviceID=1549 conn=&net.TCPConn{conn:net.conn{fd:(*net.netFD)(0xb8a13e14400)}} error="Failed connecting to service, error code:3" phonePort=9200
time=2026-07-20T10:14:44.568+07:00 level=INFO msg="new client connected" module=go-ios/forward deviceID=1549 phonePort=9200 conn="&forward.ConnListener{listener:(*net.TCPListener)(0xb8a14577000), quit:(chan interface {})(0xb8a143403f0)}"
time=2026-07-20T10:14:44.570+07:00 level=INFO msg="could not connect to phone" module=go-ios/forward deviceID=1549 conn=&net.TCPConn{conn:net.conn{fd:(*net.netFD)(0xb8a1457a000)}} error="Failed connecting to service, error code:3" phonePort=9200
time=2026-07-20T10:14:45.159+07:00 level=INFO msg="new client connected" module=go-ios/forward deviceID=1549 phonePort=9200 conn="&forward.ConnListener{listener:(*net.TCPListener)(0xb8a14577000), quit:(chan interface {})(0xb8a143403f0)}"
time=2026-07-20T10:14:45.162+07:00 level=INFO msg="could not connect to phone" module=go-ios/forward deviceID=1549 conn=&net.TCPConn{conn:net.conn{fd:(*net.netFD)(0xb8a1457a400)}} error="Failed connecting to service, error code:3" phonePort=9200
time=2026-07-20T10:14:48.141+07:00 level=INFO msg="new client connected" module=go-ios/forward deviceID=1549 phonePort=9200 conn="&forward.ConnListener{listener:(*net.TCPListener)(0xb8a14577000), quit:(chan interface {})(0xb8a143403f0)}"
time=2026-07-20T10:14:48.142+07:00 level=INFO msg="could not connect to phone" module=go-ios/forward deviceID=1549 conn=&net.TCPConn{conn:net.conn{fd:(*net.netFD)(0xb8a1457a700)}} error="Failed connecting to service, error code:3" phonePort=9200
time=2026-07-20T10:16:42.407+07:00 level=INFO msg="new client connected" module=go-ios/forward deviceID=1549 phonePort=9200 conn="&forward.ConnListener{listener:(*net.TCPListener)(0xb8a14577000), quit:(chan interface {})(0xb8a143403f0)}"
time=2026-07-20T10:16:42.410+07:00 level=INFO msg="connected to port" module=go-ios/forward deviceID=1549 conn=&net.TCPConn{conn:net.conn{fd:(*net.netFD)(0xb8a1457a000)}} phonePort=9200
time=2026-07-20T10:16:44.362+07:00 level=INFO msg="new client connected" module=go-ios/forward deviceID=1549 phonePort=9200 conn="&forward.ConnListener{listener:(*net.TCPListener)(0xb8a14577000), quit:(chan interface {})(0xb8a143403f0)}"
time=2026-07-20T10:16:44.364+07:00 level=INFO msg="connected to port" module=go-ios/forward deviceID=1549 conn=&net.TCPConn{conn:net.conn{fd:(*net.netFD)(0xb8a1457a580)}} phonePort=9200
time=2026-07-20T10:17:03.548+07:00 level=INFO msg="new client connected" module=go-ios/forward deviceID=1549 phonePort=9200 conn="&forward.ConnListener{listener:(*net.TCPListener)(0xb8a14577000), quit:(chan interface {})(0xb8a143403f0)}"
time=2026-07-20T10:17:03.550+07:00 level=INFO msg="connected to port" module=go-ios/forward deviceID=1549 conn=&net.TCPConn{conn:net.conn{fd:(*net.netFD)(0xb8a13e14000)}} phonePort=9200
time=2026-07-20T10:17:08.982+07:00 level=INFO msg="new client connected" module=go-ios/forward deviceID=1549 phonePort=9200 conn="&forward.ConnListener{listener:(*net.TCPListener)(0xb8a14577000), quit:(chan interface {})(0xb8a143403f0)}"
time=2026-07-20T10:17:08.984+07:00 level=INFO msg="connected to port" module=go-ios/forward deviceID=1549 conn=&net.TCPConn{conn:net.conn{fd:(*net.netFD)(0xb8a1457a900)}} phonePort=9200
time=2026-07-20T10:17:13.860+07:00 level=INFO msg="new client connected" module=go-ios/forward deviceID=1549 phonePort=9200 conn="&forward.ConnListener{listener:(*net.TCPListener)(0xb8a14577000), quit:(chan interface {})(0xb8a143403f0)}"
time=2026-07-20T10:17:13.862+07:00 level=INFO msg="connected to port" module=go-ios/forward deviceID=1549 conn=&net.TCPConn{conn:net.conn{fd:(*net.netFD)(0xb8a1457ac00)}} phonePort=9200
time=2026-07-20T10:17:18.883+07:00 level=INFO msg="new client connected" module=go-ios/forward deviceID=1549 phonePort=9200 conn="&forward.ConnListener{listener:(*net.TCPListener)(0xb8a14577000), quit:(chan interface {})(0xb8a143403f0)}"
time=2026-07-20T10:17:18.885+07:00 level=INFO msg="connected to port" module=go-ios/forward deviceID=1549 conn=&net.TCPConn{conn:net.conn{fd:(*net.netFD)(0xb8a1457af00)}} phonePort=9200
