{"time":"2026-07-18T22:13:17.067227+07:00","level":"INFO","msg":"start listening, forwarding to device","module":"go-ios/forward","udid":"00008027-000404D13439002E","hostPort":12006,"phonePort":8100}
{"time":"2026-07-18T22:13:17.068095+07:00","level":"INFO","msg":"new client connected","module":"go-ios/forward","deviceID":1132,"phonePort":8100,"conn":"&forward.ConnListener{listener:(*net.TCPListener)(0x2d0886a13040), quit:(chan interface {})(0x2d08866cabd0)}"}
{"time":"2026-07-18T22:13:17.069765+07:00","level":"INFO","msg":"connected to port","module":"go-ios/forward","deviceID":1132,"conn":"&net.TCPConn{conn:net.conn{fd:(*net.netFD)(0x2d08869bc100)}}","phonePort":8100}
{"time":"2026-07-18T22:13:17.075513+07:00","level":"INFO","msg":"ui run ready","target":"wda","url":"http://127.0.0.1:12006","udid":"00008027-000404D13439002E"}
{"time":"2026-07-18T22:13:17.0756+07:00","level":"ERROR","msg":"forward: close clientConn --> deviceConn","module":"go-ios/forward","deviceID":1132,"phonePort":8100,"error":"writeto tcp 127.0.0.1:12006->127.0.0.1:59139: read tcp 127.0.0.1:12006->127.0.0.1:59139: read: connection reset by peer"}
{"time":"2026-07-18T22:13:17.224975+07:00","level":"INFO","msg":"got capabilities","module":"go-ios/testmanagerd","udid":"00008027-000404D13439002E","receivedCaps":{"CapabilitiesDictionary":{"authorize test session capability":1,"automation mode":1,"daemon container sandbox extension":1,"initiate daemon control session capability":4,"initiate test runner session capability":2,"record UI interaction capability":2,"recording events as source code":1,"report crashes capability":1,"request log archive capability":1,"request spindump capability":2,"request tailspin capability":1,"supports delayed attachment transfers":1}}}
{"time":"2026-07-18T22:13:17.402935+07:00","level":"INFO","msg":"got capabilities","module":"go-ios/testmanagerd","udid":"00008027-000404D13439002E","caps":{"CapabilitiesDictionary":{"authorize test session capability":1,"automation mode":1,"daemon container sandbox extension":1,"initiate daemon control session capability":4,"initiate test runner session capability":2,"record UI interaction capability":2,"recording events as source code":1,"report crashes capability":1,"request log archive capability":1,"request spindump capability":2,"request tailspin capability":1,"supports delayed attachment transfers":1}}}
{"time":"2026-07-18T22:13:17.406267+07:00","level":"INFO","msg":"authorized","module":"go-ios/testmanagerd","udid":"00008027-000404D13439002E","pid":568,"authorized":true}
{"time":"2026-07-18T22:13:25.630358+07:00","level":"INFO","msg":"new client connected","module":"go-ios/forward","deviceID":1132,"phonePort":8100,"conn":"&forward.ConnListener{listener:(*net.TCPListener)(0x2d0886a13040), quit:(chan interface {})(0x2d08866cabd0)}"}
{"time":"2026-07-18T22:13:25.631674+07:00","level":"INFO","msg":"connected to port","module":"go-ios/forward","deviceID":1132,"conn":"&net.TCPConn{conn:net.conn{fd:(*net.netFD)(0x2d08869e3380)}}","phonePort":8100}
{"time":"2026-07-18T22:17:19.069818+07:00","level":"INFO","msg":"new client connected","module":"go-ios/forward","deviceID":1132,"phonePort":8100,"conn":"&forward.ConnListener{listener:(*net.TCPListener)(0x2d0886a13040), quit:(chan interface {})(0x2d08866cabd0)}"}
{"time":"2026-07-18T22:17:19.071362+07:00","level":"INFO","msg":"connected to port","module":"go-ios/forward","deviceID":1132,"conn":"&net.TCPConn{conn:net.conn{fd:(*net.netFD)(0x2d0886b3b500)}}","phonePort":8100}
{"time":"2026-07-18T22:17:34.45109+07:00","level":"INFO","msg":"new client connected","module":"go-ios/forward","deviceID":1132,"phonePort":8100,"conn":"&forward.ConnListener{listener:(*net.TCPListener)(0x2d0886a13040), quit:(chan interface {})(0x2d08866cabd0)}"}
{"time":"2026-07-18T22:17:34.452748+07:00","level":"INFO","msg":"connected to port","module":"go-ios/forward","deviceID":1132,"conn":"&net.TCPConn{conn:net.conn{fd:(*net.netFD)(0x2d08866d0300)}}","phonePort":8100}
{"time":"2026-07-18T22:17:43.391767+07:00","level":"INFO","msg":"new client connected","module":"go-ios/forward","deviceID":1132,"phonePort":8100,"conn":"&forward.ConnListener{listener:(*net.TCPListener)(0x2d0886a13040), quit:(chan interface {})(0x2d08866cabd0)}"}
{"time":"2026-07-18T22:17:43.393165+07:00","level":"INFO","msg":"new client connected","module":"go-ios/forward","deviceID":1132,"phonePort":8100,"conn":"&forward.ConnListener{listener:(*net.TCPListener)(0x2d0886a13040), quit:(chan interface {})(0x2d08866cabd0)}"}
{"time":"2026-07-18T22:17:43.393329+07:00","level":"INFO","msg":"connected to port","module":"go-ios/forward","deviceID":1132,"conn":"&net.TCPConn{conn:net.conn{fd:(*net.netFD)(0x2d0886740100)}}","phonePort":8100}
{"time":"2026-07-18T22:17:43.394499+07:00","level":"INFO","msg":"connected to port","module":"go-ios/forward","deviceID":1132,"conn":"&net.TCPConn{conn:net.conn{fd:(*net.netFD)(0x2d0886740380)}}","phonePort":8100}
{"time":"2026-07-18T22:18:33.962987+07:00","level":"INFO","msg":"new client connected","module":"go-ios/forward","deviceID":1132,"phonePort":8100,"conn":"&forward.ConnListener{listener:(*net.TCPListener)(0x2d0886a13040), quit:(chan interface {})(0x2d08866cabd0)}"}
{"time":"2026-07-18T22:18:33.964617+07:00","level":"INFO","msg":"connected to port","module":"go-ios/forward","deviceID":1132,"conn":"&net.TCPConn{conn:net.conn{fd:(*net.netFD)(0x2d0886b45980)}}","phonePort":8100}
{"time":"2026-07-18T22:30:54.485253+07:00","level":"ERROR","msg":"conn1 closed unexpectedly","module":"go-ios/testmanagerd","udid":"00008027-000404D13439002E","error":"EOF"}
{"time":"2026-07-18T22:30:54.485417+07:00","level":"INFO","msg":"Killing test runner","module":"go-ios/testmanagerd","udid":"00008027-000404D13439002E","pid":568}
{"time":"2026-07-18T22:30:54.48548+07:00","level":"INFO","msg":"Killing test runner","module":"go-ios/testmanagerd","pid":568}
{"time":"2026-07-18T22:30:54.485962+07:00","level":"INFO","msg":"Nothing to kill, process is already dead","module":"go-ios/testmanagerd","udid":"00008027-000404D13439002E","pid":568}
{"time":"2026-07-18T22:30:54.486203+07:00","level":"ERROR","msg":"ui run: runner failed","target":"wda","error":"lost connection to testmanagerd. the test-runner may have been killed"}
{"time":"2026-07-18T22:43:04.608012+07:00","level":"INFO","msg":"start listening, forwarding to device","module":"go-ios/forward","udid":"00008027-000404D13439002E","hostPort":12006,"phonePort":8100}
{"time":"2026-07-18T22:43:04.609873+07:00","level":"INFO","msg":"new client connected","module":"go-ios/forward","deviceID":1138,"phonePort":8100,"conn":"&forward.ConnListener{listener:(*net.TCPListener)(0x18ab29213b80), quit:(chan interface {})(0x18ab290360e0)}"}
{"time":"2026-07-18T22:43:04.612197+07:00","level":"INFO","msg":"could not connect to phone","module":"go-ios/forward","deviceID":1138,"conn":"&net.TCPConn{conn:net.conn{fd:(*net.netFD)(0x18ab29754080)}}","error":"Failed connecting to service, error code:3","phonePort":8100}
{"time":"2026-07-18T22:43:04.821854+07:00","level":"INFO","msg":"got capabilities","module":"go-ios/testmanagerd","udid":"00008027-000404D13439002E","receivedCaps":{"CapabilitiesDictionary":{"authorize test session capability":1,"automation mode":1,"daemon container sandbox extension":1,"initiate daemon control session capability":4,"initiate test runner session capability":2,"record UI interaction capability":2,"recording events as source code":1,"report crashes capability":1,"request log archive capability":1,"request spindump capability":2,"request tailspin capability":1,"supports delayed attachment transfers":1}}}
{"time":"2026-07-18T22:43:05.060022+07:00","level":"INFO","msg":"got capabilities","module":"go-ios/testmanagerd","udid":"00008027-000404D13439002E","caps":{"CapabilitiesDictionary":{"authorize test session capability":1,"automation mode":1,"daemon container sandbox extension":1,"initiate daemon control session capability":4,"initiate test runner session capability":2,"record UI interaction capability":2,"recording events as source code":1,"report crashes capability":1,"request log archive capability":1,"request spindump capability":2,"request tailspin capability":1,"supports delayed attachment transfers":1}}}
{"time":"2026-07-18T22:43:05.067188+07:00","level":"INFO","msg":"authorized","module":"go-ios/testmanagerd","udid":"00008027-000404D13439002E","pid":746,"authorized":true}
{"time":"2026-07-18T22:43:05.160476+07:00","level":"INFO","msg":"new client connected","module":"go-ios/forward","deviceID":1138,"phonePort":8100,"conn":"&forward.ConnListener{listener:(*net.TCPListener)(0x18ab29213b80), quit:(chan interface {})(0x18ab290360e0)}"}
{"time":"2026-07-18T22:43:05.162993+07:00","level":"INFO","msg":"could not connect to phone","module":"go-ios/forward","deviceID":1138,"conn":"&net.TCPConn{conn:net.conn{fd:(*net.netFD)(0x18ab29755980)}}","error":"Failed connecting to service, error code:3","phonePort":8100}
{"time":"2026-07-18T22:43:05.613881+07:00","level":"INFO","msg":"new client connected","module":"go-ios/forward","deviceID":1138,"phonePort":8100,"conn":"&forward.ConnListener{listener:(*net.TCPListener)(0x18ab29213b80), quit:(chan interface {})(0x18ab290360e0)}"}
{"time":"2026-07-18T22:43:05.617695+07:00","level":"INFO","msg":"could not connect to phone","module":"go-ios/forward","deviceID":1138,"conn":"&net.TCPConn{conn:net.conn{fd:(*net.netFD)(0x18ab298e4300)}}","error":"Failed connecting to service, error code:3","phonePort":8100}
{"time":"2026-07-18T22:43:06.200939+07:00","level":"INFO","msg":"new client connected","module":"go-ios/forward","deviceID":1138,"phonePort":8100,"conn":"&forward.ConnListener{listener:(*net.TCPListener)(0x18ab29213b80), quit:(chan interface {})(0x18ab290360e0)}"}
{"time":"2026-07-18T22:43:06.202797+07:00","level":"INFO","msg":"could not connect to phone","module":"go-ios/forward","deviceID":1138,"conn":"&net.TCPConn{conn:net.conn{fd:(*net.netFD)(0x18ab298e4600)}}","error":"Failed connecting to service, error code:3","phonePort":8100}
{"time":"2026-07-18T22:43:06.619442+07:00","level":"INFO","msg":"new client connected","module":"go-ios/forward","deviceID":1138,"phonePort":8100,"conn":"&forward.ConnListener{listener:(*net.TCPListener)(0x18ab29213b80), quit:(chan interface {})(0x18ab290360e0)}"}
{"time":"2026-07-18T22:43:06.623195+07:00","level":"INFO","msg":"could not connect to phone","module":"go-ios/forward","deviceID":1138,"conn":"&net.TCPConn{conn:net.conn{fd:(*net.netFD)(0x18ab2991d600)}}","error":"Failed connecting to service, error code:3","phonePort":8100}
{"time":"2026-07-18T22:43:07.241813+07:00","level":"INFO","msg":"new client connected","module":"go-ios/forward","deviceID":1138,"phonePort":8100,"conn":"&forward.ConnListener{listener:(*net.TCPListener)(0x18ab29213b80), quit:(chan interface {})(0x18ab290360e0)}"}
{"time":"2026-07-18T22:43:07.244581+07:00","level":"INFO","msg":"could not connect to phone","module":"go-ios/forward","deviceID":1138,"conn":"&net.TCPConn{conn:net.conn{fd:(*net.netFD)(0x18ab2939e000)}}","error":"Failed connecting to service, error code:3","phonePort":8100}
{"time":"2026-07-18T22:43:07.626875+07:00","level":"INFO","msg":"new client connected","module":"go-ios/forward","deviceID":1138,"phonePort":8100,"conn":"&forward.ConnListener{listener:(*net.TCPListener)(0x18ab29213b80), quit:(chan interface {})(0x18ab290360e0)}"}
{"time":"2026-07-18T22:43:07.630482+07:00","level":"INFO","msg":"could not connect to phone","module":"go-ios/forward","deviceID":1138,"conn":"&net.TCPConn{conn:net.conn{fd:(*net.netFD)(0x18ab2991da00)}}","error":"Failed connecting to service, error code:3","phonePort":8100}
{"time":"2026-07-18T22:43:08.288787+07:00","level":"INFO","msg":"new client connected","module":"go-ios/forward","deviceID":1138,"phonePort":8100,"conn":"&forward.ConnListener{listener:(*net.TCPListener)(0x18ab29213b80), quit:(chan interface {})(0x18ab290360e0)}"}
{"time":"2026-07-18T22:43:08.290853+07:00","level":"INFO","msg":"connected to port","module":"go-ios/forward","deviceID":1138,"conn":"&net.TCPConn{conn:net.conn{fd:(*net.netFD)(0x18ab2912cc00)}}","phonePort":8100}
{"time":"2026-07-18T22:43:08.634229+07:00","level":"INFO","msg":"new client connected","module":"go-ios/forward","deviceID":1138,"phonePort":8100,"conn":"&forward.ConnListener{listener:(*net.TCPListener)(0x18ab29213b80), quit:(chan interface {})(0x18ab290360e0)}"}
{"time":"2026-07-18T22:43:08.6379+07:00","level":"INFO","msg":"connected to port","module":"go-ios/forward","deviceID":1138,"conn":"&net.TCPConn{conn:net.conn{fd:(*net.netFD)(0x18ab2912d000)}}","phonePort":8100}
{"time":"2026-07-18T22:43:08.65025+07:00","level":"INFO","msg":"ui run ready","target":"wda","url":"http://127.0.0.1:12006","udid":"00008027-000404D13439002E"}
{"time":"2026-07-18T22:43:16.108234+07:00","level":"INFO","msg":"new client connected","module":"go-ios/forward","deviceID":1138,"phonePort":8100,"conn":"&forward.ConnListener{listener:(*net.TCPListener)(0x18ab29213b80), quit:(chan interface {})(0x18ab290360e0)}"}
{"time":"2026-07-18T22:43:16.109721+07:00","level":"INFO","msg":"connected to port","module":"go-ios/forward","deviceID":1138,"conn":"&net.TCPConn{conn:net.conn{fd:(*net.netFD)(0x18ab2912d080)}}","phonePort":8100}
{"time":"2026-07-18T22:43:18.074716+07:00","level":"INFO","msg":"new client connected","module":"go-ios/forward","deviceID":1138,"phonePort":8100,"conn":"&forward.ConnListener{listener:(*net.TCPListener)(0x18ab29213b80), quit:(chan interface {})(0x18ab290360e0)}"}
{"time":"2026-07-18T22:43:18.076539+07:00","level":"INFO","msg":"connected to port","module":"go-ios/forward","deviceID":1138,"conn":"&net.TCPConn{conn:net.conn{fd:(*net.netFD)(0x18ab2970a100)}}","phonePort":8100}
{"time":"2026-07-18T22:43:48.45667+07:00","level":"INFO","msg":"new client connected","module":"go-ios/forward","deviceID":1138,"phonePort":8100,"conn":"&forward.ConnListener{listener:(*net.TCPListener)(0x18ab29213b80), quit:(chan interface {})(0x18ab290360e0)}"}
{"time":"2026-07-18T22:43:48.458407+07:00","level":"INFO","msg":"connected to port","module":"go-ios/forward","deviceID":1138,"conn":"&net.TCPConn{conn:net.conn{fd:(*net.netFD)(0x18ab2911f800)}}","phonePort":8100}
{"time":"2026-07-18T22:44:35.262657+07:00","level":"INFO","msg":"new client connected","module":"go-ios/forward","deviceID":1138,"phonePort":8100,"conn":"&forward.ConnListener{listener:(*net.TCPListener)(0x18ab29213b80), quit:(chan interface {})(0x18ab290360e0)}"}
{"time":"2026-07-18T22:44:35.265612+07:00","level":"INFO","msg":"connected to port","module":"go-ios/forward","deviceID":1138,"conn":"&net.TCPConn{conn:net.conn{fd:(*net.netFD)(0x18ab2911fb80)}}","phonePort":8100}
{"time":"2026-07-18T22:44:51.784237+07:00","level":"INFO","msg":"new client connected","module":"go-ios/forward","deviceID":1138,"phonePort":8100,"conn":"&forward.ConnListener{listener:(*net.TCPListener)(0x18ab29213b80), quit:(chan interface {})(0x18ab290360e0)}"}
{"time":"2026-07-18T22:44:51.786209+07:00","level":"INFO","msg":"connected to port","module":"go-ios/forward","deviceID":1138,"conn":"&net.TCPConn{conn:net.conn{fd:(*net.netFD)(0x18ab2934dc00)}}","phonePort":8100}
{"time":"2026-07-18T22:45:02.562636+07:00","level":"INFO","msg":"new client connected","module":"go-ios/forward","deviceID":1138,"phonePort":8100,"conn":"&forward.ConnListener{listener:(*net.TCPListener)(0x18ab29213b80), quit:(chan interface {})(0x18ab290360e0)}"}
{"time":"2026-07-18T22:45:02.566521+07:00","level":"INFO","msg":"connected to port","module":"go-ios/forward","deviceID":1138,"conn":"&net.TCPConn{conn:net.conn{fd:(*net.netFD)(0x18ab2912c900)}}","phonePort":8100}
{"time":"2026-07-18T22:46:20.646403+07:00","level":"INFO","msg":"new client connected","module":"go-ios/forward","deviceID":1138,"phonePort":8100,"conn":"&forward.ConnListener{listener:(*net.TCPListener)(0x18ab29213b80), quit:(chan interface {})(0x18ab290360e0)}"}
{"time":"2026-07-18T22:46:20.648218+07:00","level":"INFO","msg":"connected to port","module":"go-ios/forward","deviceID":1138,"conn":"&net.TCPConn{conn:net.conn{fd:(*net.netFD)(0x18ab29725100)}}","phonePort":8100}
{"time":"2026-07-18T22:46:40.753968+07:00","level":"INFO","msg":"new client connected","module":"go-ios/forward","deviceID":1138,"phonePort":8100,"conn":"&forward.ConnListener{listener:(*net.TCPListener)(0x18ab29213b80), quit:(chan interface {})(0x18ab290360e0)}"}
{"time":"2026-07-18T22:46:40.755992+07:00","level":"INFO","msg":"connected to port","module":"go-ios/forward","deviceID":1138,"conn":"&net.TCPConn{conn:net.conn{fd:(*net.netFD)(0x18ab29297600)}}","phonePort":8100}
{"time":"2026-07-18T22:47:27.345159+07:00","level":"INFO","msg":"signal received, stopping ui run","signal":"terminated","target":"wda"}
{"time":"2026-07-18T22:47:27.34525+07:00","level":"INFO","msg":"Killing test runner","module":"go-ios/testmanagerd","udid":"00008027-000404D13439002E","pid":746}
{"time":"2026-07-18T22:47:27.34528+07:00","level":"INFO","msg":"closed listener successfully","module":"go-ios/forward","deviceID":1138,"phonePort":8100}
{"time":"2026-07-18T22:47:27.345283+07:00","level":"INFO","msg":"Killing test runner","module":"go-ios/testmanagerd","pid":746}
