time=2026-07-18T22:18:24.514+07:00 level=INFO msg="start listening, forwarding to device" module=go-ios/forward udid=00008027-000404D13439002E hostPort=9106 phonePort=9100
time=2026-07-18T22:18:25.176+07:00 level=INFO msg="new client connected" module=go-ios/forward deviceID=1132 phonePort=9100 conn="&forward.ConnListener{listener:(*net.TCPListener)(0x2f465cd8d180), quit:(chan interface {})(0x2f465d1c25b0)}"
time=2026-07-18T22:18:25.178+07:00 level=INFO msg="connected to port" module=go-ios/forward deviceID=1132 conn=&net.TCPConn{conn:net.conn{fd:(*net.netFD)(0x2f465cb43600)}} phonePort=9100
time=2026-07-18T22:18:25.200+07:00 level=INFO msg="new client connected" module=go-ios/forward deviceID=1132 phonePort=9100 conn="&forward.ConnListener{listener:(*net.TCPListener)(0x2f465cd8d180), quit:(chan interface {})(0x2f465d1c25b0)}"
time=2026-07-18T22:18:25.201+07:00 level=INFO msg="connected to port" module=go-ios/forward deviceID=1132 conn=&net.TCPConn{conn:net.conn{fd:(*net.netFD)(0x2f465cbac000)}} phonePort=9100
time=2026-07-18T22:18:49.836+07:00 level=INFO msg="new client connected" module=go-ios/forward deviceID=1132 phonePort=9100 conn="&forward.ConnListener{listener:(*net.TCPListener)(0x2f465cd8d180), quit:(chan interface {})(0x2f465d1c25b0)}"
time=2026-07-18T22:18:49.838+07:00 level=INFO msg="connected to port" module=go-ios/forward deviceID=1132 conn=&net.TCPConn{conn:net.conn{fd:(*net.netFD)(0x2f465cd60000)}} phonePort=9100
time=2026-07-18T22:43:16.114+07:00 level=INFO msg="new client connected" module=go-ios/forward deviceID=1132 phonePort=9100 conn="&forward.ConnListener{listener:(*net.TCPListener)(0x2f465cd8d180), quit:(chan interface {})(0x2f465d1c25b0)}"
time=2026-07-18T22:43:16.115+07:00 level=INFO msg="could not connect to phone" module=go-ios/forward deviceID=1132 conn=&net.TCPConn{conn:net.conn{fd:(*net.netFD)(0x2f465cb42000)}} error="Failed connecting to service, error code:2" phonePort=9100
time=2026-07-18T22:43:48.438+07:00 level=INFO msg="new client connected" module=go-ios/forward deviceID=1132 phonePort=9100 conn="&forward.ConnListener{listener:(*net.TCPListener)(0x2f465cd8d180), quit:(chan interface {})(0x2f465d1c25b0)}"
time=2026-07-18T22:43:48.438+07:00 level=INFO msg="could not connect to phone" module=go-ios/forward deviceID=1132 conn=&net.TCPConn{conn:net.conn{fd:(*net.netFD)(0x2f465cb42380)}} error="Failed connecting to service, error code:2" phonePort=9100
time=2026-07-18T22:44:35.234+07:00 level=INFO msg="new client connected" module=go-ios/forward deviceID=1132 phonePort=9100 conn="&forward.ConnListener{listener:(*net.TCPListener)(0x2f465cd8d180), quit:(chan interface {})(0x2f465d1c25b0)}"
time=2026-07-18T22:44:35.235+07:00 level=INFO msg="could not connect to phone" module=go-ios/forward deviceID=1132 conn=&net.TCPConn{conn:net.conn{fd:(*net.netFD)(0x2f465cb42680)}} error="Failed connecting to service, error code:2" phonePort=9100
time=2026-07-18T22:44:36.549+07:00 level=INFO msg="new client connected" module=go-ios/forward deviceID=1132 phonePort=9100 conn="&forward.ConnListener{listener:(*net.TCPListener)(0x2f465cd8d180), quit:(chan interface {})(0x2f465d1c25b0)}"
time=2026-07-18T22:44:36.550+07:00 level=INFO msg="could not connect to phone" module=go-ios/forward deviceID=1132 conn=&net.TCPConn{conn:net.conn{fd:(*net.netFD)(0x2f465cb42980)}} error="Failed connecting to service, error code:2" phonePort=9100
time=2026-07-18T22:44:51.769+07:00 level=INFO msg="new client connected" module=go-ios/forward deviceID=1132 phonePort=9100 conn="&forward.ConnListener{listener:(*net.TCPListener)(0x2f465cd8d180), quit:(chan interface {})(0x2f465d1c25b0)}"
time=2026-07-18T22:44:51.770+07:00 level=INFO msg="could not connect to phone" module=go-ios/forward deviceID=1132 conn=&net.TCPConn{conn:net.conn{fd:(*net.netFD)(0x2f465cc2a100)}} error="Failed connecting to service, error code:2" phonePort=9100
time=2026-07-18T22:44:55.296+07:00 level=INFO msg="new client connected" module=go-ios/forward deviceID=1132 phonePort=9100 conn="&forward.ConnListener{listener:(*net.TCPListener)(0x2f465cd8d180), quit:(chan interface {})(0x2f465d1c25b0)}"
time=2026-07-18T22:44:55.297+07:00 level=INFO msg="could not connect to phone" module=go-ios/forward deviceID=1132 conn=&net.TCPConn{conn:net.conn{fd:(*net.netFD)(0x2f465cb42c80)}} error="Failed connecting to service, error code:2" phonePort=9100
time=2026-07-18T22:45:02.538+07:00 level=INFO msg="new client connected" module=go-ios/forward deviceID=1132 phonePort=9100 conn="&forward.ConnListener{listener:(*net.TCPListener)(0x2f465cd8d180), quit:(chan interface {})(0x2f465d1c25b0)}"
time=2026-07-18T22:45:02.540+07:00 level=INFO msg="could not connect to phone" module=go-ios/forward deviceID=1132 conn=&net.TCPConn{conn:net.conn{fd:(*net.netFD)(0x2f465cb42f80)}} error="Failed connecting to service, error code:2" phonePort=9100
time=2026-07-18T22:45:05.792+07:00 level=INFO msg="new client connected" module=go-ios/forward deviceID=1132 phonePort=9100 conn="&forward.ConnListener{listener:(*net.TCPListener)(0x2f465cd8d180), quit:(chan interface {})(0x2f465d1c25b0)}"
time=2026-07-18T22:45:05.793+07:00 level=INFO msg="could not connect to phone" module=go-ios/forward deviceID=1132 conn=&net.TCPConn{conn:net.conn{fd:(*net.netFD)(0x2f465cb42000)}} error="Failed connecting to service, error code:2" phonePort=9100
time=2026-07-18T22:45:23.857+07:00 level=INFO msg="new client connected" module=go-ios/forward deviceID=1132 phonePort=9100 conn="&forward.ConnListener{listener:(*net.TCPListener)(0x2f465cd8d180), quit:(chan interface {})(0x2f465d1c25b0)}"
time=2026-07-18T22:45:23.857+07:00 level=INFO msg="could not connect to phone" module=go-ios/forward deviceID=1132 conn=&net.TCPConn{conn:net.conn{fd:(*net.netFD)(0x2f465cc2a200)}} error="Failed connecting to service, error code:2" phonePort=9100
time=2026-07-18T22:45:51.424+07:00 level=INFO msg="new client connected" module=go-ios/forward deviceID=1132 phonePort=9100 conn="&forward.ConnListener{listener:(*net.TCPListener)(0x2f465cd8d180), quit:(chan interface {})(0x2f465d1c25b0)}"
time=2026-07-18T22:45:51.425+07:00 level=INFO msg="could not connect to phone" module=go-ios/forward deviceID=1132 conn=&net.TCPConn{conn:net.conn{fd:(*net.netFD)(0x2f465cc2a800)}} error="Failed connecting to service, error code:2" phonePort=9100
time=2026-07-18T22:46:06.424+07:00 level=INFO msg="new client connected" module=go-ios/forward deviceID=1132 phonePort=9100 conn="&forward.ConnListener{listener:(*net.TCPListener)(0x2f465cd8d180), quit:(chan interface {})(0x2f465d1c25b0)}"
time=2026-07-18T22:46:06.424+07:00 level=INFO msg="could not connect to phone" module=go-ios/forward deviceID=1132 conn=&net.TCPConn{conn:net.conn{fd:(*net.netFD)(0x2f465cc2ab80)}} error="Failed connecting to service, error code:2" phonePort=9100
time=2026-07-18T22:46:06.491+07:00 level=INFO msg="new client connected" module=go-ios/forward deviceID=1132 phonePort=9100 conn="&forward.ConnListener{listener:(*net.TCPListener)(0x2f465cd8d180), quit:(chan interface {})(0x2f465d1c25b0)}"
time=2026-07-18T22:46:06.492+07:00 level=INFO msg="could not connect to phone" module=go-ios/forward deviceID=1132 conn=&net.TCPConn{conn:net.conn{fd:(*net.netFD)(0x2f465cc2af00)}} error="Failed connecting to service, error code:2" phonePort=9100
time=2026-07-18T22:46:20.559+07:00 level=INFO msg="new client connected" module=go-ios/forward deviceID=1132 phonePort=9100 conn="&forward.ConnListener{listener:(*net.TCPListener)(0x2f465cd8d180), quit:(chan interface {})(0x2f465d1c25b0)}"
time=2026-07-18T22:46:20.560+07:00 level=INFO msg="could not connect to phone" module=go-ios/forward deviceID=1132 conn=&net.TCPConn{conn:net.conn{fd:(*net.netFD)(0x2f465cc2b200)}} error="Failed connecting to service, error code:2" phonePort=9100
time=2026-07-18T22:47:27.437+07:00 level=INFO msg="closed listener successfully" module=go-ios/forward deviceID=1132 phonePort=9100
time=2026-07-18T22:47:33.656+07:00 level=INFO msg="start listening, forwarding to device" module=go-ios/forward udid=00008027-000404D13439002E hostPort=9106 phonePort=9100
time=2026-07-18T22:47:34.681+07:00 level=INFO msg="new client connected" module=go-ios/forward deviceID=1138 phonePort=9100 conn="&forward.ConnListener{listener:(*net.TCPListener)(0xa04d7b2f9c0), quit:(chan interface {})(0xa04d788e150)}"
time=2026-07-18T22:47:34.683+07:00 level=INFO msg="connected to port" module=go-ios/forward deviceID=1138 conn=&net.TCPConn{conn:net.conn{fd:(*net.netFD)(0xa04d7b24380)}} phonePort=9100
time=2026-07-18T22:47:59.434+07:00 level=INFO msg="new client connected" module=go-ios/forward deviceID=1138 phonePort=9100 conn="&forward.ConnListener{listener:(*net.TCPListener)(0xa04d7b2f9c0), quit:(chan interface {})(0xa04d788e150)}"
time=2026-07-18T22:47:59.437+07:00 level=INFO msg="connected to port" module=go-ios/forward deviceID=1138 conn=&net.TCPConn{conn:net.conn{fd:(*net.netFD)(0xa04d792a100)}} phonePort=9100
time=2026-07-18T22:48:02.605+07:00 level=INFO msg="new client connected" module=go-ios/forward deviceID=1138 phonePort=9100 conn="&forward.ConnListener{listener:(*net.TCPListener)(0xa04d7b2f9c0), quit:(chan interface {})(0xa04d788e150)}"
time=2026-07-18T22:48:02.607+07:00 level=INFO msg="connected to port" module=go-ios/forward deviceID=1138 conn=&net.TCPConn{conn:net.conn{fd:(*net.netFD)(0xa04d7b8a000)}} phonePort=9100
time=2026-07-18T22:48:29.145+07:00 level=INFO msg="new client connected" module=go-ios/forward deviceID=1138 phonePort=9100 conn="&forward.ConnListener{listener:(*net.TCPListener)(0xa04d7b2f9c0), quit:(chan interface {})(0xa04d788e150)}"
time=2026-07-18T22:48:29.147+07:00 level=INFO msg="connected to port" module=go-ios/forward deviceID=1138 conn=&net.TCPConn{conn:net.conn{fd:(*net.netFD)(0xa04d7b8a380)}} phonePort=9100
time=2026-07-18T22:48:32.424+07:00 level=INFO msg="new client connected" module=go-ios/forward deviceID=1138 phonePort=9100 conn="&forward.ConnListener{listener:(*net.TCPListener)(0xa04d7b2f9c0), quit:(chan interface {})(0xa04d788e150)}"
time=2026-07-18T22:48:32.427+07:00 level=INFO msg="connected to port" module=go-ios/forward deviceID=1138 conn=&net.TCPConn{conn:net.conn{fd:(*net.netFD)(0xa04d792a400)}} phonePort=9100
time=2026-07-18T22:51:55.920+07:00 level=INFO msg="new client connected" module=go-ios/forward deviceID=1138 phonePort=9100 conn="&forward.ConnListener{listener:(*net.TCPListener)(0xa04d7b2f9c0), quit:(chan interface {})(0xa04d788e150)}"
time=2026-07-18T22:51:55.921+07:00 level=INFO msg="connected to port" module=go-ios/forward deviceID=1138 conn=&net.TCPConn{conn:net.conn{fd:(*net.netFD)(0xa04d7ae0000)}} phonePort=9100
time=2026-07-18T22:52:04.168+07:00 level=INFO msg="new client connected" module=go-ios/forward deviceID=1138 phonePort=9100 conn="&forward.ConnListener{listener:(*net.TCPListener)(0xa04d7b2f9c0), quit:(chan interface {})(0xa04d788e150)}"
time=2026-07-18T22:52:04.170+07:00 level=INFO msg="connected to port" module=go-ios/forward deviceID=1138 conn=&net.TCPConn{conn:net.conn{fd:(*net.netFD)(0xa04d792a000)}} phonePort=9100
time=2026-07-18T22:53:49.125+07:00 level=INFO msg="new client connected" module=go-ios/forward deviceID=1138 phonePort=9100 conn="&forward.ConnListener{listener:(*net.TCPListener)(0xa04d7b2f9c0), quit:(chan interface {})(0xa04d788e150)}"
time=2026-07-18T22:53:49.127+07:00 level=INFO msg="connected to port" module=go-ios/forward deviceID=1138 conn=&net.TCPConn{conn:net.conn{fd:(*net.netFD)(0xa04d792a380)}} phonePort=9100
time=2026-07-18T22:55:13.760+07:00 level=INFO msg="new client connected" module=go-ios/forward deviceID=1138 phonePort=9100 conn="&forward.ConnListener{listener:(*net.TCPListener)(0xa04d7b2f9c0), quit:(chan interface {})(0xa04d788e150)}"
time=2026-07-18T22:55:13.762+07:00 level=INFO msg="connected to port" module=go-ios/forward deviceID=1138 conn=&net.TCPConn{conn:net.conn{fd:(*net.netFD)(0xa04d7b24000)}} phonePort=9100
time=2026-07-18T22:55:16.872+07:00 level=INFO msg="new client connected" module=go-ios/forward deviceID=1138 phonePort=9100 conn="&forward.ConnListener{listener:(*net.TCPListener)(0xa04d7b2f9c0), quit:(chan interface {})(0xa04d788e150)}"
time=2026-07-18T22:55:16.875+07:00 level=INFO msg="connected to port" module=go-ios/forward deviceID=1138 conn=&net.TCPConn{conn:net.conn{fd:(*net.netFD)(0xa04d7ae0180)}} phonePort=9100
time=2026-07-18T22:55:40.996+07:00 level=INFO msg="new client connected" module=go-ios/forward deviceID=1138 phonePort=9100 conn="&forward.ConnListener{listener:(*net.TCPListener)(0xa04d7b2f9c0), quit:(chan interface {})(0xa04d788e150)}"
time=2026-07-18T22:55:40.999+07:00 level=INFO msg="connected to port" module=go-ios/forward deviceID=1138 conn=&net.TCPConn{conn:net.conn{fd:(*net.netFD)(0xa04d792a180)}} phonePort=9100
time=2026-07-18T22:55:56.571+07:00 level=INFO msg="new client connected" module=go-ios/forward deviceID=1138 phonePort=9100 conn="&forward.ConnListener{listener:(*net.TCPListener)(0xa04d7b2f9c0), quit:(chan interface {})(0xa04d788e150)}"
time=2026-07-18T22:55:56.574+07:00 level=INFO msg="connected to port" module=go-ios/forward deviceID=1138 conn=&net.TCPConn{conn:net.conn{fd:(*net.netFD)(0xa04d7ae0000)}} phonePort=9100
time=2026-07-18T22:56:16.219+07:00 level=INFO msg="new client connected" module=go-ios/forward deviceID=1138 phonePort=9100 conn="&forward.ConnListener{listener:(*net.TCPListener)(0xa04d7b2f9c0), quit:(chan interface {})(0xa04d788e150)}"
time=2026-07-18T22:56:16.223+07:00 level=INFO msg="connected to port" module=go-ios/forward deviceID=1138 conn=&net.TCPConn{conn:net.conn{fd:(*net.netFD)(0xa04d792a000)}} phonePort=9100
time=2026-07-18T22:56:25.649+07:00 level=INFO msg="new client connected" module=go-ios/forward deviceID=1138 phonePort=9100 conn="&forward.ConnListener{listener:(*net.TCPListener)(0xa04d7b2f9c0), quit:(chan interface {})(0xa04d788e150)}"
time=2026-07-18T22:56:25.650+07:00 level=INFO msg="connected to port" module=go-ios/forward deviceID=1138 conn=&net.TCPConn{conn:net.conn{fd:(*net.netFD)(0xa04d792a400)}} phonePort=9100
time=2026-07-18T22:56:30.438+07:00 level=INFO msg="new client connected" module=go-ios/forward deviceID=1138 phonePort=9100 conn="&forward.ConnListener{listener:(*net.TCPListener)(0xa04d7b2f9c0), quit:(chan interface {})(0xa04d788e150)}"
time=2026-07-18T22:56:30.440+07:00 level=INFO msg="connected to port" module=go-ios/forward deviceID=1138 conn=&net.TCPConn{conn:net.conn{fd:(*net.netFD)(0xa04d7ae0500)}} phonePort=9100
