iOS WDA stream server listening on http://127.0.0.1:3000
WDA base: http://127.0.0.1:8100
MJPEG source: http://127.0.0.1:9100
H264 WS source: (not set)
Scrcpy WS source: (not set)
WebRTC WHEP URL: (not set)
Local H264 fallback: enabled
Local H264 encoder: libx264 @ 30fps (gop 30) 720x1280 via ffmpeg
node:events:497
      throw er; // Unhandled 'error' event
      ^

Error: listen EADDRINUSE: address already in use :::3000
    at Server.setupListenHandle [as _listen2] (node:net:1941:16)
    at listenInCluster (node:net:1998:12)
    at Server.listen (node:net:2103:7)
    at Object.<anonymous> (/Users/apple/Desktop/code/stream_ios/v1/WDA/ios_stream_v1/server.js:608:8)
    at Module._compile (node:internal/modules/cjs/loader:1781:14)
    at Object..js (node:internal/modules/cjs/loader:1913:10)
    at Module.load (node:internal/modules/cjs/loader:1505:32)
    at Function._load (node:internal/modules/cjs/loader:1309:12)
    at wrapModuleLoad (node:internal/modules/cjs/loader:254:19)
    at Function.executeUserEntryPoint [as runMain] (node:internal/modules/run_main:171:5)
Emitted 'error' event on Server instance at:
    at emitErrorNT (node:net:1977:8)
    at process.processTicksAndRejections (node:internal/process/task_queues:89:21) {
  code: 'EADDRINUSE',
  errno: -48,
  syscall: 'listen',
  address: '::',
  port: 3000
}

Node.js v22.23.1
node:events:497
      throw er; // Unhandled 'error' event
      ^

Error: listen EADDRINUSE: address already in use :::3000
    at Server.setupListenHandle [as _listen2] (node:net:1941:16)
    at listenInCluster (node:net:1998:12)
    at Server.listen (node:net:2103:7)
    at Object.<anonymous> (/Users/apple/Desktop/code/stream_ios/v1/WDA/ios_stream_v1/server.js:608:8)
    at Module._compile (node:internal/modules/cjs/loader:1781:14)
    at Object..js (node:internal/modules/cjs/loader:1913:10)
    at Module.load (node:internal/modules/cjs/loader:1505:32)
    at Function._load (node:internal/modules/cjs/loader:1309:12)
    at wrapModuleLoad (node:internal/modules/cjs/loader:254:19)
    at Function.executeUserEntryPoint [as runMain] (node:internal/modules/run_main:171:5)
Emitted 'error' event on Server instance at:
    at emitErrorNT (node:net:1977:8)
    at process.processTicksAndRejections (node:internal/process/task_queues:89:21) {
  code: 'EADDRINUSE',
  errno: -48,
  syscall: 'listen',
  address: '::',
  port: 3000
}

Node.js v22.23.1
iOS WDA stream server listening on http://127.0.0.1:3000
WDA base: http://127.0.0.1:8100
MJPEG source: http://127.0.0.1:9100
H264 WS source: (not set)
Scrcpy WS source: (not set)
WebRTC WHEP URL: (not set)
Local H264 fallback: enabled
Local H264 encoder: libx264 @ 30fps (gop 30) 720x1280 via ffmpeg
